/home/xlyu5/Research/scenario_runner/scenario_runner.py:96: DeprecationWarning: distutils Version classes are deprecated. Use packaging.version instead.
  if LooseVersion(dist.version) < LooseVersion('0.9.15'):
Preparing scenario: InterfuserCutInBrakeCEX_1
ScenarioManager: Running scenario InterfuserCutInBrakeCEX
pygame 2.5.2 (SDL 2.28.2, Python 3.10.20)
Hello from the pygame community. https://www.pygame.org/contribute.html
town06_cutin_cex_route_07_30_21_44_20
CEX_SCENARIO_CONFIG ego=5.000m/s npc=3.000m/s gap=8.000m(longitudinal) cutin_start=0.500s lc_duration=1.000s brake_delay=0.500s npc_decel=8.000m/s^2
CEX_ARMED_SMOOTH dt=0.050s lane_shift=3.500m npc_bbox_half=(2.396,1.082,0.744)m
CEX_TICK step=1 t=0.050s phase=PRE_CUTIN long_gap=6.136m lat_offset=-3.500m ego_v=4.931m/s npc_v_actual=3.377m/s npc_v_target=3.000m/s npc_control=(thr=0.000,brake=0.045,steer=0.000) ego_control=(thr=1.000,brake=0.000,steer=0.000)
CEX_TICK step=2 t=0.100s phase=PRE_CUTIN long_gap=6.063m lat_offset=-3.500m ego_v=4.973m/s npc_v_actual=3.551m/s npc_v_target=3.000m/s npc_control=(thr=0.000,brake=0.066,steer=0.000) ego_control=(thr=0.428,brake=0.000,steer=0.000)
CEX_TICK step=3 t=0.150s phase=PRE_CUTIN long_gap=5.992m lat_offset=-3.500m ego_v=5.030m/s npc_v_actual=3.607m/s npc_v_target=3.000m/s npc_control=(thr=0.000,brake=0.073,steer=0.000) ego_control=(thr=0.428,brake=0.000,steer=0.000)
CEX_TICK step=4 t=0.200s phase=PRE_CUTIN long_gap=5.920m lat_offset=-3.500m ego_v=5.063m/s npc_v_actual=3.605m/s npc_v_target=3.000m/s npc_control=(thr=0.000,brake=0.073,steer=0.000) ego_control=(thr=0.045,brake=0.000,steer=0.000)
CEX_TICK step=5 t=0.250s phase=PRE_CUTIN long_gap=5.848m lat_offset=-3.500m ego_v=4.992m/s npc_v_actual=3.560m/s npc_v_target=3.000m/s npc_control=(thr=0.000,brake=0.067,steer=0.000) ego_control=(thr=0.045,brake=0.000,steer=0.000)
CEX_TICK step=6 t=0.300s phase=PRE_CUTIN long_gap=5.775m lat_offset=-3.500m ego_v=4.976m/s npc_v_actual=3.503m/s npc_v_target=3.000m/s npc_control=(thr=0.000,brake=0.060,steer=0.000) ego_control=(thr=0.108,brake=0.000,steer=0.000)
CEX_TICK step=7 t=0.350s phase=PRE_CUTIN long_gap=5.700m lat_offset=-3.500m ego_v=4.943m/s npc_v_actual=3.429m/s npc_v_target=3.000m/s npc_control=(thr=0.000,brake=0.052,steer=0.000) ego_control=(thr=0.108,brake=0.000,steer=0.000)
CEX_TICK step=8 t=0.400s phase=PRE_CUTIN long_gap=5.624m lat_offset=-3.500m ego_v=4.911m/s npc_v_actual=3.359m/s npc_v_target=3.000m/s npc_control=(thr=0.000,brake=0.043,steer=0.000) ego_control=(thr=0.375,brake=0.000,steer=0.000)
CEX_TICK step=9 t=0.450s phase=PRE_CUTIN long_gap=5.544m lat_offset=-3.500m ego_v=4.913m/s npc_v_actual=3.280m/s npc_v_target=3.000m/s npc_control=(thr=0.000,brake=0.034,steer=0.000) ego_control=(thr=0.375,brake=0.000,steer=0.000)
CEX_TICK step=10 t=0.500s phase=PRE_CUTIN long_gap=5.459m lat_offset=-3.500m ego_v=4.946m/s npc_v_actual=3.209m/s npc_v_target=3.000m/s npc_control=(thr=0.000,brake=0.025,steer=0.000) ego_control=(thr=0.481,brake=0.000,steer=0.000)
CEX_TICK step=11 t=0.550s phase=CUTTING_IN long_gap=5.368m lat_offset=-3.500m ego_v=5.008m/s npc_v_actual=3.131m/s npc_v_target=3.000m/s npc_control=(thr=0.000,brake=0.000,steer=0.035) ego_control=(thr=0.481,brake=0.000,steer=0.000)
CEX_TICK step=12 t=0.600s phase=CUTTING_IN long_gap=5.271m lat_offset=-3.498m ego_v=5.062m/s npc_v_actual=3.082m/s npc_v_target=3.000m/s npc_control=(thr=0.000,brake=0.000,steer=0.070) ego_control=(thr=0.000,brake=0.000,steer=0.000)
CEX_TICK step=13 t=0.650s phase=CUTTING_IN long_gap=5.171m lat_offset=-3.494m ego_v=4.991m/s npc_v_actual=3.016m/s npc_v_target=3.000m/s npc_control=(thr=0.000,brake=0.000,steer=0.105) ego_control=(thr=0.000,brake=0.000,steer=0.000)
CEX_TICK step=14 t=0.700s phase=CUTTING_IN long_gap=5.070m lat_offset=-3.487m ego_v=4.977m/s npc_v_actual=2.959m/s npc_v_target=3.000m/s npc_control=(thr=0.000,brake=0.000,steer=0.140) ego_control=(thr=0.083,brake=0.000,steer=0.000)
CEX_TICK step=15 t=0.750s phase=CUTTING_IN long_gap=4.968m lat_offset=-3.477m ego_v=4.932m/s npc_v_actual=2.890m/s npc_v_target=3.000m/s npc_control=(thr=0.000,brake=0.000,steer=0.175) ego_control=(thr=0.083,brake=0.000,steer=0.000)
CEX_TICK step=16 t=0.800s phase=CUTTING_IN long_gap=4.864m lat_offset=-3.463m ego_v=4.891m/s npc_v_actual=2.832m/s npc_v_target=3.000m/s npc_control=(thr=0.107,brake=0.000,steer=0.210) ego_control=(thr=0.407,brake=0.000,steer=0.000)
CEX_TICK step=17 t=0.850s phase=CUTTING_IN long_gap=4.758m lat_offset=-3.446m ego_v=4.889m/s npc_v_actual=2.748m/s npc_v_target=3.000m/s npc_control=(thr=0.120,brake=0.000,steer=0.245) ego_control=(thr=0.407,brake=0.000,steer=0.000)
CEX_TICK step=18 t=0.900s phase=CUTTING_IN long_gap=4.646m lat_offset=-3.426m ego_v=4.929m/s npc_v_actual=2.696m/s npc_v_target=3.000m/s npc_control=(thr=0.129,brake=0.000,steer=0.280) ego_control=(thr=0.574,brake=0.000,steer=0.000)
CEX_TICK step=19 t=0.950s phase=CUTTING_IN long_gap=4.528m lat_offset=-3.403m ego_v=5.011m/s npc_v_actual=2.649m/s npc_v_target=3.000m/s npc_control=(thr=0.136,brake=0.000,steer=0.315) ego_control=(thr=0.574,brake=0.000,steer=0.000)
CEX_TICK step=20 t=1.000s phase=CUTTING_IN long_gap=4.402m lat_offset=-3.376m ego_v=5.094m/s npc_v_actual=2.618m/s npc_v_target=3.000m/s npc_control=(thr=0.000,brake=1.000,steer=0.350) ego_control=(thr=0.000,brake=0.000,steer=-0.000)
CEX_TICK step=21 t=1.050s phase=CUTTING_IN long_gap=4.273m lat_offset=-3.346m ego_v=5.063m/s npc_v_actual=2.553m/s npc_v_target=2.600m/s npc_control=(thr=0.000,brake=1.000,steer=0.385) ego_control=(thr=0.000,brake=0.000,steer=-0.000)
CEX_TICK step=22 t=1.100s phase=CUTTING_IN long_gap=4.142m lat_offset=-3.314m ego_v=4.988m/s npc_v_actual=2.440m/s npc_v_target=2.200m/s npc_control=(thr=0.000,brake=1.000,steer=0.420) ego_control=(thr=0.013,brake=0.000,steer=-0.000)
CEX_TICK step=23 t=1.150s phase=CUTTING_IN long_gap=4.003m lat_offset=-3.279m ego_v=4.953m/s npc_v_actual=2.241m/s npc_v_target=1.800m/s npc_control=(thr=0.000,brake=1.000,steer=0.455) ego_control=(thr=0.013,brake=0.000,steer=-0.000)
CEX_TICK step=24 t=1.200s phase=CUTTING_IN long_gap=3.840m lat_offset=-3.252m ego_v=4.903m/s npc_v_actual=1.325m/s npc_v_target=1.400m/s npc_control=(thr=0.000,brake=1.000,steer=0.490) ego_control=(thr=0.282,brake=0.000,steer=-0.000)
CEX_TICK step=25 t=1.250s phase=CUTTING_IN long_gap=3.622m lat_offset=-3.242m ego_v=4.878m/s npc_v_actual=0.163m/s npc_v_target=1.000m/s npc_control=(thr=0.000,brake=1.000,steer=0.525) ego_control=(thr=0.282,brake=0.000,steer=-0.000)
CEX_TICK step=26 t=1.300s phase=CUTTING_IN long_gap=3.378m lat_offset=-3.243m ego_v=4.883m/s npc_v_actual=0.000m/s npc_v_target=0.600m/s npc_control=(thr=0.000,brake=1.000,steer=0.550) ego_control=(thr=0.653,brake=0.000,steer=-0.000)
CEX_TICK step=27 t=1.350s phase=CUTTING_IN long_gap=3.132m lat_offset=-3.242m ego_v=4.949m/s npc_v_actual=0.000m/s npc_v_target=0.200m/s npc_control=(thr=0.000,brake=1.000,steer=0.550) ego_control=(thr=0.653,brake=0.000,steer=-0.000)
CEX_TICK step=28 t=1.400s phase=CUTTING_IN long_gap=2.882m lat_offset=-3.242m ego_v=5.037m/s npc_v_actual=0.000m/s npc_v_target=0.000m/s npc_control=(thr=0.000,brake=1.000,steer=0.550) ego_control=(thr=0.206,brake=0.000,steer=-0.000)
CEX_TICK step=29 t=1.450s phase=CUTTING_IN long_gap=2.628m lat_offset=-3.242m ego_v=5.108m/s npc_v_actual=0.000m/s npc_v_target=0.000m/s npc_control=(thr=0.000,brake=1.000,steer=0.550) ego_control=(thr=0.206,brake=0.000,steer=-0.000)
CEX_TICK step=30 t=1.500s phase=IN_EGO_LANE long_gap=2.378m lat_offset=-3.242m ego_v=4.962m/s npc_v_actual=0.000m/s npc_v_target=0.000m/s npc_control=(thr=0.000,brake=1.000,steer=0.515) ego_control=(thr=0.019,brake=0.000,steer=-0.000)
CEX_TICK step=31 t=1.550s phase=IN_EGO_LANE long_gap=2.128m lat_offset=-3.242m ego_v=4.979m/s npc_v_actual=0.000m/s npc_v_target=0.000m/s npc_control=(thr=0.000,brake=1.000,steer=0.480) ego_control=(thr=0.019,brake=0.000,steer=-0.000)
CEX_TICK step=32 t=1.600s phase=IN_EGO_LANE long_gap=1.881m lat_offset=-3.242m ego_v=4.943m/s npc_v_actual=0.000m/s npc_v_target=0.000m/s npc_control=(thr=0.000,brake=1.000,steer=0.445) ego_control=(thr=0.104,brake=0.000,steer=-0.000)
CEX_TICK step=33 t=1.650s phase=IN_EGO_LANE long_gap=1.635m lat_offset=-3.242m ego_v=4.896m/s npc_v_actual=0.000m/s npc_v_target=0.000m/s npc_control=(thr=0.000,brake=1.000,steer=0.410) ego_control=(thr=0.104,brake=0.000,steer=-0.000)
CEX_TICK step=34 t=1.700s phase=IN_EGO_LANE long_gap=1.392m lat_offset=-3.242m ego_v=4.856m/s npc_v_actual=0.000m/s npc_v_target=0.000m/s npc_control=(thr=0.000,brake=1.000,steer=0.375) ego_control=(thr=0.589,brake=0.000,steer=-0.000)
CEX_TICK step=35 t=1.750s phase=IN_EGO_LANE long_gap=1.149m lat_offset=-3.242m ego_v=4.871m/s npc_v_actual=0.000m/s npc_v_target=0.000m/s npc_control=(thr=0.000,brake=1.000,steer=0.340) ego_control=(thr=0.589,brake=0.000,steer=-0.000)
CEX_TICK step=36 t=1.800s phase=IN_EGO_LANE long_gap=0.903m lat_offset=-3.242m ego_v=4.947m/s npc_v_actual=0.000m/s npc_v_target=0.000m/s npc_control=(thr=0.000,brake=1.000,steer=0.305) ego_control=(thr=0.656,brake=0.000,steer=-0.000)
CEX_TICK step=37 t=1.850s phase=IN_EGO_LANE long_gap=0.652m lat_offset=-3.242m ego_v=5.067m/s npc_v_actual=0.000m/s npc_v_target=0.000m/s npc_control=(thr=0.000,brake=1.000,steer=0.270) ego_control=(thr=0.656,brake=0.000,steer=-0.000)
CEX_TICK step=38 t=1.900s phase=IN_EGO_LANE long_gap=0.395m lat_offset=-3.242m ego_v=5.159m/s npc_v_actual=0.000m/s npc_v_target=0.000m/s npc_control=(thr=0.000,brake=1.000,steer=0.242) ego_control=(thr=0.000,brake=0.000,steer=-0.000)
CEX_TICK step=39 t=1.950s phase=IN_EGO_LANE long_gap=0.140m lat_offset=-3.242m ego_v=5.092m/s npc_v_actual=0.000m/s npc_v_target=0.000m/s npc_control=(thr=0.000,brake=1.000,steer=0.242) ego_control=(thr=0.000,brake=0.000,steer=-0.000)
CEX_TICK step=40 t=2.000s phase=IN_EGO_LANE long_gap=-0.112m lat_offset=-3.242m ego_v=4.977m/s npc_v_actual=0.000m/s npc_v_target=0.000m/s npc_control=(thr=0.000,brake=1.000,steer=0.242) ego_control=(thr=0.023,brake=0.000,steer=-0.000)
CEX_TICK step=41 t=2.050s phase=IN_EGO_LANE long_gap=-0.362m lat_offset=-3.242m ego_v=5.018m/s npc_v_actual=0.000m/s npc_v_target=0.000m/s npc_control=(thr=0.000,brake=1.000,steer=0.242) ego_control=(thr=0.023,brake=0.000,steer=-0.000)
CEX_TICK step=42 t=2.100s phase=IN_EGO_LANE long_gap=-0.611m lat_offset=-3.242m ego_v=4.970m/s npc_v_actual=0.000m/s npc_v_target=0.000m/s npc_control=(thr=0.000,brake=1.000,steer=0.242) ego_control=(thr=0.000,brake=0.000,steer=-0.000)
CEX_TICK step=43 t=2.150s phase=IN_EGO_LANE long_gap=-0.858m lat_offset=-3.242m ego_v=4.910m/s npc_v_actual=0.000m/s npc_v_target=0.000m/s npc_control=(thr=0.000,brake=1.000,steer=0.242) ego_control=(thr=0.000,brake=0.000,steer=-0.000)
CEX_TICK step=44 t=2.200s phase=IN_EGO_LANE long_gap=-1.101m lat_offset=-3.242m ego_v=4.845m/s npc_v_actual=0.000m/s npc_v_target=0.000m/s npc_control=(thr=0.000,brake=1.000,steer=0.242) ego_control=(thr=0.535,brake=0.000,steer=-0.000)
CEX_TICK step=45 t=2.250s phase=IN_EGO_LANE long_gap=-1.343m lat_offset=-3.242m ego_v=4.826m/s npc_v_actual=0.000m/s npc_v_target=0.000m/s npc_control=(thr=0.000,brake=1.000,steer=0.242) ego_control=(thr=0.535,brake=0.000,steer=-0.000)
CEX_TICK step=46 t=2.300s phase=IN_EGO_LANE long_gap=-1.585m lat_offset=-3.242m ego_v=4.880m/s npc_v_actual=0.000m/s npc_v_target=0.000m/s npc_control=(thr=0.000,brake=1.000,steer=0.242) ego_control=(thr=0.750,brake=0.000,steer=-0.000)
CEX_TICK step=47 t=2.350s phase=IN_EGO_LANE long_gap=-1.833m lat_offset=-3.242m ego_v=5.002m/s npc_v_actual=0.000m/s npc_v_target=0.000m/s npc_control=(thr=0.000,brake=1.000,steer=0.242) ego_control=(thr=0.750,brake=0.000,steer=-0.000)
CEX_TICK step=48 t=2.400s phase=IN_EGO_LANE long_gap=-2.087m lat_offset=-3.242m ego_v=5.139m/s npc_v_actual=0.000m/s npc_v_target=0.000m/s npc_control=(thr=0.000,brake=1.000,steer=0.242) ego_control=(thr=0.000,brake=0.000,steer=-0.000)
CEX_TICK step=49 t=2.450s phase=IN_EGO_LANE long_gap=-2.344m lat_offset=-3.242m ego_v=5.115m/s npc_v_actual=0.000m/s npc_v_target=0.000m/s npc_control=(thr=0.000,brake=1.000,steer=0.242) ego_control=(thr=0.000,brake=0.000,steer=-0.000)
CEX_TICK step=50 t=2.500s phase=IN_EGO_LANE long_gap=-2.597m lat_offset=-3.242m ego_v=5.003m/s npc_v_actual=0.000m/s npc_v_target=0.000m/s npc_control=(thr=0.000,brake=1.000,steer=0.242) ego_control=(thr=0.025,brake=0.000,steer=-0.000)
CEX_TICK step=51 t=2.550s phase=IN_EGO_LANE long_gap=-2.846m lat_offset=-3.242m ego_v=5.003m/s npc_v_actual=0.000m/s npc_v_target=0.000m/s npc_control=(thr=0.000,brake=1.000,steer=0.242) ego_control=(thr=0.025,brake=0.000,steer=-0.000)
CEX_TICK step=52 t=2.600s phase=IN_EGO_LANE long_gap=-3.096m lat_offset=-3.242m ego_v=4.982m/s npc_v_actual=0.000m/s npc_v_target=0.000m/s npc_control=(thr=0.000,brake=1.000,steer=0.242) ego_control=(thr=0.025,brake=0.000,steer=-0.000)
CEX_TICK step=53 t=2.650s phase=IN_EGO_LANE long_gap=-3.344m lat_offset=-3.242m ego_v=4.932m/s npc_v_actual=0.000m/s npc_v_target=0.000m/s npc_control=(thr=0.000,brake=1.000,steer=0.242) ego_control=(thr=0.025,brake=0.000,steer=-0.000)
CEX_TICK step=54 t=2.700s phase=IN_EGO_LANE long_gap=-3.589m lat_offset=-3.242m ego_v=4.876m/s npc_v_actual=0.000m/s npc_v_target=0.000m/s npc_control=(thr=0.000,brake=1.000,steer=0.242) ego_control=(thr=0.417,brake=0.000,steer=-0.000)
CEX_TICK step=55 t=2.750s phase=IN_EGO_LANE long_gap=-3.832m lat_offset=-3.242m ego_v=4.862m/s npc_v_actual=0.000m/s npc_v_target=0.000m/s npc_control=(thr=0.000,brake=1.000,steer=0.242) ego_control=(thr=0.417,brake=0.000,steer=-0.000)
CEX_TICK step=56 t=2.800s phase=IN_EGO_LANE long_gap=-4.076m lat_offset=-3.242m ego_v=4.898m/s npc_v_actual=0.000m/s npc_v_target=0.000m/s npc_control=(thr=0.000,brake=1.000,steer=0.242) ego_control=(thr=0.734,brake=0.000,steer=-0.000)
CEX_TICK step=57 t=2.850s phase=IN_EGO_LANE long_gap=-4.323m lat_offset=-3.242m ego_v=5.002m/s npc_v_actual=0.000m/s npc_v_target=0.000m/s npc_control=(thr=0.000,brake=1.000,steer=0.242) ego_control=(thr=0.734,brake=0.000,steer=-0.000)
CEX_TICK step=58 t=2.900s phase=IN_EGO_LANE long_gap=-4.578m lat_offset=-3.242m ego_v=5.125m/s npc_v_actual=0.000m/s npc_v_target=0.000m/s npc_control=(thr=0.000,brake=1.000,steer=0.242) ego_control=(thr=0.000,brake=0.000,steer=0.000)
CEX_TICK step=59 t=2.950s phase=IN_EGO_LANE long_gap=-4.834m lat_offset=-3.242m ego_v=5.096m/s npc_v_actual=0.000m/s npc_v_target=0.000m/s npc_control=(thr=0.000,brake=1.000,steer=0.242) ego_control=(thr=0.000,brake=0.000,steer=0.000)
CEX_TICK step=60 t=3.000s phase=IN_EGO_LANE long_gap=-5.085m lat_offset=-3.242m ego_v=4.981m/s npc_v_actual=0.000m/s npc_v_target=0.000m/s npc_control=(thr=0.000,brake=1.000,steer=0.242) ego_control=(thr=0.025,brake=0.000,steer=0.000)
CEX_TICK step=61 t=3.050s phase=IN_EGO_LANE long_gap=-5.336m lat_offset=-3.242m ego_v=5.016m/s npc_v_actual=0.000m/s npc_v_target=0.000m/s npc_control=(thr=0.000,brake=1.000,steer=0.242) ego_control=(thr=0.025,brake=0.000,steer=0.000)
CEX_TICK step=62 t=3.100s phase=IN_EGO_LANE long_gap=-5.584m lat_offset=-3.242m ego_v=4.965m/s npc_v_actual=0.000m/s npc_v_target=0.000m/s npc_control=(thr=0.000,brake=1.000,steer=0.242) ego_control=(thr=0.007,brake=0.000,steer=0.000)
CEX_TICK step=63 t=3.150s phase=IN_EGO_LANE long_gap=-5.831m lat_offset=-3.242m ego_v=4.905m/s npc_v_actual=0.000m/s npc_v_target=0.000m/s npc_control=(thr=0.000,brake=1.000,steer=0.242) ego_control=(thr=0.007,brake=0.000,steer=0.000)
CEX_TICK step=64 t=3.200s phase=IN_EGO_LANE long_gap=-6.074m lat_offset=-3.242m ego_v=4.841m/s npc_v_actual=0.000m/s npc_v_target=0.000m/s npc_control=(thr=0.000,brake=1.000,steer=0.242) ego_control=(thr=0.564,brake=0.000,steer=0.000)
CEX_TICK step=65 t=3.250s phase=IN_EGO_LANE long_gap=-6.315m lat_offset=-3.242m ego_v=4.824m/s npc_v_actual=0.000m/s npc_v_target=0.000m/s npc_control=(thr=0.000,brake=1.000,steer=0.242) ego_control=(thr=0.564,brake=0.000,steer=0.000)
CEX_TICK step=66 t=3.300s phase=IN_EGO_LANE long_gap=-6.558m lat_offset=-3.242m ego_v=4.883m/s npc_v_actual=0.000m/s npc_v_target=0.000m/s npc_control=(thr=0.000,brake=1.000,steer=0.242) ego_control=(thr=0.750,brake=0.000,steer=0.000)
CEX_TICK step=67 t=3.350s phase=IN_EGO_LANE long_gap=-6.806m lat_offset=-3.242m ego_v=5.008m/s npc_v_actual=0.000m/s npc_v_target=0.000m/s npc_control=(thr=0.000,brake=1.000,steer=0.242) ego_control=(thr=0.750,brake=0.000,steer=0.000)
CEX_TICK step=68 t=3.400s phase=IN_EGO_LANE long_gap=-7.061m lat_offset=-3.242m ego_v=5.148m/s npc_v_actual=0.000m/s npc_v_target=0.000m/s npc_control=(thr=0.000,brake=1.000,steer=0.242) ego_control=(thr=0.000,brake=0.000,steer=0.000)
CEX_TICK step=69 t=3.450s phase=IN_EGO_LANE long_gap=-7.318m lat_offset=-3.242m ego_v=5.124m/s npc_v_actual=0.000m/s npc_v_target=0.000m/s npc_control=(thr=0.000,brake=1.000,steer=0.242) ego_control=(thr=0.000,brake=0.000,steer=0.000)
CEX_TICK step=70 t=3.500s phase=IN_EGO_LANE long_gap=-7.571m lat_offset=-3.242m ego_v=5.013m/s npc_v_actual=0.000m/s npc_v_target=0.000m/s npc_control=(thr=0.000,brake=1.000,steer=0.242) ego_control=(thr=0.027,brake=0.000,steer=0.000)
CEX_TICK step=71 t=3.550s phase=IN_EGO_LANE long_gap=-7.821m lat_offset=-3.242m ego_v=5.007m/s npc_v_actual=0.000m/s npc_v_target=0.000m/s npc_control=(thr=0.000,brake=1.000,steer=0.242) ego_control=(thr=0.027,brake=0.000,steer=0.000)
CEX_TICK step=72 t=3.600s phase=IN_EGO_LANE long_gap=-8.070m lat_offset=-3.242m ego_v=4.980m/s npc_v_actual=0.000m/s npc_v_target=0.000m/s npc_control=(thr=0.000,brake=1.000,steer=0.242) ego_control=(thr=0.027,brake=0.000,steer=0.000)
CEX_TICK step=73 t=3.650s phase=IN_EGO_LANE long_gap=-8.318m lat_offset=-3.242m ego_v=4.935m/s npc_v_actual=0.000m/s npc_v_target=0.000m/s npc_control=(thr=0.000,brake=1.000,steer=0.242) ego_control=(thr=0.027,brake=0.000,steer=0.000)
CEX_TICK step=74 t=3.700s phase=IN_EGO_LANE long_gap=-8.563m lat_offset=-3.242m ego_v=4.883m/s npc_v_actual=0.000m/s npc_v_target=0.000m/s npc_control=(thr=0.000,brake=1.000,steer=0.242) ego_control=(thr=0.397,brake=0.000,steer=0.000)
CEX_TICK step=75 t=3.750s phase=IN_EGO_LANE long_gap=-8.807m lat_offset=-3.242m ego_v=4.869m/s npc_v_actual=0.000m/s npc_v_target=0.000m/s npc_control=(thr=0.000,brake=1.000,steer=0.242) ego_control=(thr=0.397,brake=0.000,steer=0.000)
CEX_TICK step=76 t=3.800s phase=IN_EGO_LANE long_gap=-9.051m lat_offset=-3.242m ego_v=4.903m/s npc_v_actual=0.000m/s npc_v_target=0.000m/s npc_control=(thr=0.000,brake=1.000,steer=0.242) ego_control=(thr=0.694,brake=0.000,steer=0.000)
CEX_TICK step=77 t=3.850s phase=IN_EGO_LANE long_gap=-9.299m lat_offset=-3.242m ego_v=4.999m/s npc_v_actual=0.000m/s npc_v_target=0.000m/s npc_control=(thr=0.000,brake=1.000,steer=0.242) ego_control=(thr=0.694,brake=0.000,steer=0.000)
CEX_TICK step=78 t=3.900s phase=IN_EGO_LANE long_gap=-9.552m lat_offset=-3.242m ego_v=5.112m/s npc_v_actual=0.000m/s npc_v_target=0.000m/s npc_control=(thr=0.000,brake=1.000,steer=0.242) ego_control=(thr=0.000,brake=0.000,steer=0.000)
CEX_TICK step=79 t=3.950s phase=IN_EGO_LANE long_gap=-9.809m lat_offset=-3.242m ego_v=5.085m/s npc_v_actual=0.000m/s npc_v_target=0.000m/s npc_control=(thr=0.000,brake=1.000,steer=0.242) ego_control=(thr=0.000,brake=0.000,steer=0.000)
CEX_TICK step=80 t=4.000s phase=IN_EGO_LANE long_gap=-10.061m lat_offset=-3.242m ego_v=5.017m/s npc_v_actual=0.000m/s npc_v_target=0.000m/s npc_control=(thr=0.000,brake=1.000,steer=0.242) ego_control=(thr=0.026,brake=0.000,steer=0.000)
CEX_TICK step=81 t=4.050s phase=IN_EGO_LANE long_gap=-10.310m lat_offset=-3.242m ego_v=4.987m/s npc_v_actual=0.000m/s npc_v_target=0.000m/s npc_control=(thr=0.000,brake=1.000,steer=0.242) ego_control=(thr=0.026,brake=0.000,steer=0.000)
CEX_TICK step=82 t=4.100s phase=IN_EGO_LANE long_gap=-10.559m lat_offset=-3.242m ego_v=4.955m/s npc_v_actual=0.000m/s npc_v_target=0.000m/s npc_control=(thr=0.000,brake=1.000,steer=0.242) ego_control=(thr=0.105,brake=0.000,steer=0.000)
CEX_TICK step=83 t=4.150s phase=IN_EGO_LANE long_gap=-10.805m lat_offset=-3.242m ego_v=4.911m/s npc_v_actual=0.000m/s npc_v_target=0.000m/s npc_control=(thr=0.000,brake=1.000,steer=0.242) ego_control=(thr=0.105,brake=0.000,steer=0.000)
CEX_TICK step=84 t=4.200s phase=IN_EGO_LANE long_gap=-11.049m lat_offset=-3.242m ego_v=4.873m/s npc_v_actual=0.000m/s npc_v_target=0.000m/s npc_control=(thr=0.000,brake=1.000,steer=0.242) ego_control=(thr=0.517,brake=0.000,steer=0.000)
CEX_TICK step=85 t=4.250s phase=IN_EGO_LANE long_gap=-11.293m lat_offset=-3.242m ego_v=4.885m/s npc_v_actual=0.000m/s npc_v_target=0.000m/s npc_control=(thr=0.000,brake=1.000,steer=0.242) ego_control=(thr=0.517,brake=0.000,steer=0.000)
CEX_TICK step=86 t=4.300s phase=IN_EGO_LANE long_gap=-11.539m lat_offset=-3.242m ego_v=4.948m/s npc_v_actual=0.000m/s npc_v_target=0.000m/s npc_control=(thr=0.000,brake=1.000,steer=0.242) ego_control=(thr=0.589,brake=0.000,steer=0.000)
CEX_TICK step=87 t=4.350s phase=IN_EGO_LANE long_gap=-11.790m lat_offset=-3.242m ego_v=5.047m/s npc_v_actual=0.000m/s npc_v_target=0.000m/s npc_control=(thr=0.000,brake=1.000,steer=0.242) ego_control=(thr=0.589,brake=0.000,steer=0.000)
CEX_TICK step=88 t=4.400s phase=IN_EGO_LANE long_gap=-12.045m lat_offset=-3.242m ego_v=5.120m/s npc_v_actual=0.000m/s npc_v_target=0.000m/s npc_control=(thr=0.000,brake=1.000,steer=0.242) ego_control=(thr=0.000,brake=0.000,steer=0.000)
CEX_TICK step=89 t=4.450s phase=IN_EGO_LANE long_gap=-12.298m lat_offset=-3.242m ego_v=5.046m/s npc_v_actual=0.000m/s npc_v_target=0.000m/s npc_control=(thr=0.000,brake=1.000,steer=0.242) ego_control=(thr=0.000,brake=0.000,steer=0.000)
CEX_TICK step=90 t=4.500s phase=IN_EGO_LANE long_gap=-12.548m lat_offset=-3.242m ego_v=4.992m/s npc_v_actual=0.000m/s npc_v_target=0.000m/s npc_control=(thr=0.000,brake=1.000,steer=0.242) ego_control=(thr=0.024,brake=0.000,steer=0.000)
CEX_TICK step=91 t=4.550s phase=IN_EGO_LANE long_gap=-12.797m lat_offset=-3.242m ego_v=4.980m/s npc_v_actual=0.000m/s npc_v_target=0.000m/s npc_control=(thr=0.000,brake=1.000,steer=0.242) ego_control=(thr=0.024,brake=0.000,steer=0.000)
CEX_TICK step=92 t=4.600s phase=IN_EGO_LANE long_gap=-13.045m lat_offset=-3.242m ego_v=4.940m/s npc_v_actual=0.000m/s npc_v_target=0.000m/s npc_control=(thr=0.000,brake=1.000,steer=0.242) ego_control=(thr=0.137,brake=0.000,steer=0.000)
CEX_TICK step=93 t=4.650s phase=IN_EGO_LANE long_gap=-13.291m lat_offset=-3.242m ego_v=4.897m/s npc_v_actual=0.000m/s npc_v_target=0.000m/s npc_control=(thr=0.000,brake=1.000,steer=0.242) ego_control=(thr=0.137,brake=0.000,steer=0.000)
CEX_TICK step=94 t=4.700s phase=IN_EGO_LANE long_gap=-13.535m lat_offset=-3.242m ego_v=4.867m/s npc_v_actual=0.000m/s npc_v_target=0.000m/s npc_control=(thr=0.000,brake=1.000,steer=0.242) ego_control=(thr=0.581,brake=0.000,steer=-0.000)
CEX_TICK step=95 t=4.750s phase=IN_EGO_LANE long_gap=-13.778m lat_offset=-3.242m ego_v=4.890m/s npc_v_actual=0.000m/s npc_v_target=0.000m/s npc_control=(thr=0.000,brake=1.000,steer=0.242) ego_control=(thr=0.581,brake=0.000,steer=-0.000)
CEX_TICK step=96 t=4.800s phase=IN_EGO_LANE long_gap=-14.025m lat_offset=-3.242m ego_v=4.961m/s npc_v_actual=0.000m/s npc_v_target=0.000m/s npc_control=(thr=0.000,brake=1.000,steer=0.242) ego_control=(thr=0.552,brake=0.000,steer=-0.000)
CEX_TICK step=97 t=4.850s phase=IN_EGO_LANE long_gap=-14.276m lat_offset=-3.242m ego_v=5.058m/s npc_v_actual=0.000m/s npc_v_target=0.000m/s npc_control=(thr=0.000,brake=1.000,steer=0.242) ego_control=(thr=0.552,brake=0.000,steer=-0.000)
CEX_TICK step=98 t=4.900s phase=IN_EGO_LANE long_gap=-14.531m lat_offset=-3.242m ego_v=5.129m/s npc_v_actual=0.000m/s npc_v_target=0.000m/s npc_control=(thr=0.000,brake=1.000,steer=0.242) ego_control=(thr=0.000,brake=0.000,steer=-0.000)
CEX_TICK step=99 t=4.950s phase=IN_EGO_LANE long_gap=-14.785m lat_offset=-3.242m ego_v=5.052m/s npc_v_actual=0.000m/s npc_v_target=0.000m/s npc_control=(thr=0.000,brake=1.000,steer=0.242) ego_control=(thr=0.000,brake=0.000,steer=-0.000)
CEX_TICK step=100 t=5.000s phase=IN_EGO_LANE long_gap=-15.035m lat_offset=-3.242m ego_v=4.992m/s npc_v_actual=0.000m/s npc_v_target=0.000m/s npc_control=(thr=0.000,brake=1.000,steer=0.242) ego_control=(thr=0.024,brake=0.000,steer=-0.000)
CEX_TICK step=101 t=5.050s phase=IN_EGO_LANE long_gap=-15.284m lat_offset=-3.242m ego_v=4.975m/s npc_v_actual=0.000m/s npc_v_target=0.000m/s npc_control=(thr=0.000,brake=1.000,steer=0.242) ego_control=(thr=0.024,brake=0.000,steer=-0.000)
CEX_TICK step=102 t=5.100s phase=IN_EGO_LANE long_gap=-15.532m lat_offset=-3.242m ego_v=4.934m/s npc_v_actual=0.000m/s npc_v_target=0.000m/s npc_control=(thr=0.000,brake=1.000,steer=0.242) ego_control=(thr=0.167,brake=0.000,steer=-0.000)
CEX_TICK step=103 t=5.150s phase=IN_EGO_LANE long_gap=-15.777m lat_offset=-3.242m ego_v=4.895m/s npc_v_actual=0.000m/s npc_v_target=0.000m/s npc_control=(thr=0.000,brake=1.000,steer=0.242) ego_control=(thr=0.167,brake=0.000,steer=-0.000)
CEX_TICK step=104 t=5.200s phase=IN_EGO_LANE long_gap=-16.021m lat_offset=-3.242m ego_v=4.873m/s npc_v_actual=0.000m/s npc_v_target=0.000m/s npc_control=(thr=0.000,brake=1.000,steer=0.242) ego_control=(thr=0.586,brake=0.000,steer=-0.000)
CEX_TICK step=105 t=5.250s phase=IN_EGO_LANE long_gap=-16.266m lat_offset=-3.242m ego_v=4.905m/s npc_v_actual=0.000m/s npc_v_target=0.000m/s npc_control=(thr=0.000,brake=1.000,steer=0.242) ego_control=(thr=0.586,brake=0.000,steer=-0.000)
CEX_TICK step=106 t=5.300s phase=IN_EGO_LANE long_gap=-16.513m lat_offset=-3.242m ego_v=4.974m/s npc_v_actual=0.000m/s npc_v_target=0.000m/s npc_control=(thr=0.000,brake=1.000,steer=0.242) ego_control=(thr=0.467,brake=0.000,steer=-0.000)
CEX_TICK step=107 t=5.350s phase=IN_EGO_LANE long_gap=-16.764m lat_offset=-3.242m ego_v=5.053m/s npc_v_actual=0.000m/s npc_v_target=0.000m/s npc_control=(thr=0.000,brake=1.000,steer=0.242) ego_control=(thr=0.467,brake=0.000,steer=-0.000)
CEX_TICK step=108 t=5.400s phase=IN_EGO_LANE long_gap=-17.018m lat_offset=-3.242m ego_v=5.108m/s npc_v_actual=0.000m/s npc_v_target=0.000m/s npc_control=(thr=0.000,brake=1.000,steer=0.242) ego_control=(thr=0.000,brake=0.000,steer=-0.000)
CEX_TICK step=109 t=5.450s phase=IN_EGO_LANE long_gap=-17.269m lat_offset=-3.242m ego_v=4.970m/s npc_v_actual=0.000m/s npc_v_target=0.000m/s npc_control=(thr=0.000,brake=1.000,steer=0.242) ego_control=(thr=0.000,brake=0.000,steer=-0.000)
CEX_TICK step=110 t=5.500s phase=IN_EGO_LANE long_gap=-17.519m lat_offset=-3.242m ego_v=4.996m/s npc_v_actual=0.000m/s npc_v_target=0.000m/s npc_control=(thr=0.000,brake=1.000,steer=0.242) ego_control=(thr=0.201,brake=0.000,steer=-0.000)
CEX_TICK step=111 t=5.550s phase=IN_EGO_LANE long_gap=-17.769m lat_offset=-3.242m ego_v=4.988m/s npc_v_actual=0.000m/s npc_v_target=0.000m/s npc_control=(thr=0.000,brake=1.000,steer=0.242) ego_control=(thr=0.201,brake=0.000,steer=-0.000)
CEX_TICK step=112 t=5.600s phase=IN_EGO_LANE long_gap=-18.018m lat_offset=-3.242m ego_v=4.964m/s npc_v_actual=0.000m/s npc_v_target=0.000m/s npc_control=(thr=0.000,brake=1.000,steer=0.242) ego_control=(thr=0.089,brake=0.000,steer=-0.000)
CEX_TICK step=113 t=5.650s phase=IN_EGO_LANE long_gap=-18.265m lat_offset=-3.242m ego_v=4.920m/s npc_v_actual=0.000m/s npc_v_target=0.000m/s npc_control=(thr=0.000,brake=1.000,steer=0.242) ego_control=(thr=0.089,brake=0.000,steer=-0.000)
CEX_TICK step=114 t=5.700s phase=IN_EGO_LANE long_gap=-18.509m lat_offset=-3.242m ego_v=4.880m/s npc_v_actual=0.000m/s npc_v_target=0.000m/s npc_control=(thr=0.000,brake=1.000,steer=0.242) ego_control=(thr=0.465,brake=0.000,steer=-0.000)
CEX_TICK step=115 t=5.750s phase=IN_EGO_LANE long_gap=-18.753m lat_offset=-3.242m ego_v=4.886m/s npc_v_actual=0.000m/s npc_v_target=0.000m/s npc_control=(thr=0.000,brake=1.000,steer=0.242) ego_control=(thr=0.465,brake=0.000,steer=-0.000)
CEX_TICK step=116 t=5.800s phase=IN_EGO_LANE long_gap=-18.999m lat_offset=-3.242m ego_v=4.939m/s npc_v_actual=0.000m/s npc_v_target=0.000m/s npc_control=(thr=0.000,brake=1.000,steer=0.242) ego_control=(thr=0.590,brake=0.000,steer=-0.000)
CEX_TICK step=117 t=5.850s phase=IN_EGO_LANE long_gap=-19.249m lat_offset=-3.242m ego_v=5.032m/s npc_v_actual=0.000m/s npc_v_target=0.000m/s npc_control=(thr=0.000,brake=1.000,steer=0.242) ego_control=(thr=0.590,brake=0.000,steer=-0.000)
CEX_TICK step=118 t=5.900s phase=IN_EGO_LANE long_gap=-19.503m lat_offset=-3.242m ego_v=5.131m/s npc_v_actual=0.000m/s npc_v_target=0.000m/s npc_control=(thr=0.000,brake=1.000,steer=0.242) ego_control=(thr=0.000,brake=0.000,steer=-0.000)
CEX_TICK step=119 t=5.950s phase=IN_EGO_LANE long_gap=-19.757m lat_offset=-3.242m ego_v=5.022m/s npc_v_actual=0.000m/s npc_v_target=0.000m/s npc_control=(thr=0.000,brake=1.000,steer=0.242) ego_control=(thr=0.000,brake=0.000,steer=-0.000)
CEX_TICK step=120 t=6.000s phase=IN_EGO_LANE long_gap=-20.007m lat_offset=-3.242m ego_v=5.005m/s npc_v_actual=0.000m/s npc_v_target=0.000m/s npc_control=(thr=0.000,brake=1.000,steer=0.242) ego_control=(thr=0.023,brake=0.000,steer=-0.000)
CEX_TICK step=121 t=6.050s phase=IN_EGO_LANE long_gap=-20.256m lat_offset=-3.242m ego_v=4.977m/s npc_v_actual=0.000m/s npc_v_target=0.000m/s npc_control=(thr=0.000,brake=1.000,steer=0.242) ego_control=(thr=0.023,brake=0.000,steer=-0.000)
CEX_TICK step=122 t=6.100s phase=IN_EGO_LANE long_gap=-20.504m lat_offset=-3.242m ego_v=4.933m/s npc_v_actual=0.000m/s npc_v_target=0.000m/s npc_control=(thr=0.000,brake=1.000,steer=0.242) ego_control=(thr=0.160,brake=0.000,steer=-0.000)
CEX_TICK step=123 t=6.150s phase=IN_EGO_LANE long_gap=-20.749m lat_offset=-3.242m ego_v=4.892m/s npc_v_actual=0.000m/s npc_v_target=0.000m/s npc_control=(thr=0.000,brake=1.000,steer=0.242) ego_control=(thr=0.160,brake=0.000,steer=-0.000)
CEX_TICK step=124 t=6.200s phase=IN_EGO_LANE long_gap=-20.993m lat_offset=-3.242m ego_v=4.867m/s npc_v_actual=0.000m/s npc_v_target=0.000m/s npc_control=(thr=0.000,brake=1.000,steer=0.242) ego_control=(thr=0.604,brake=0.000,steer=-0.000)
CEX_TICK step=125 t=6.250s phase=IN_EGO_LANE long_gap=-21.237m lat_offset=-3.242m ego_v=4.897m/s npc_v_actual=0.000m/s npc_v_target=0.000m/s npc_control=(thr=0.000,brake=1.000,steer=0.242) ego_control=(thr=0.604,brake=0.000,steer=-0.000)
CEX_TICK step=126 t=6.300s phase=IN_EGO_LANE long_gap=-21.484m lat_offset=-3.242m ego_v=4.970m/s npc_v_actual=0.000m/s npc_v_target=0.000m/s npc_control=(thr=0.000,brake=1.000,steer=0.242) ego_control=(thr=0.508,brake=0.000,steer=-0.000)
CEX_TICK step=127 t=6.350s phase=IN_EGO_LANE long_gap=-21.735m lat_offset=-3.242m ego_v=5.058m/s npc_v_actual=0.000m/s npc_v_target=0.000m/s npc_control=(thr=0.000,brake=1.000,steer=0.242) ego_control=(thr=0.508,brake=0.000,steer=-0.000)
CEX_TICK step=128 t=6.400s phase=IN_EGO_LANE long_gap=-21.990m lat_offset=-3.242m ego_v=5.118m/s npc_v_actual=0.000m/s npc_v_target=0.000m/s npc_control=(thr=0.000,brake=1.000,steer=0.242) ego_control=(thr=0.000,brake=0.000,steer=-0.000)
CEX_TICK step=129 t=6.450s phase=IN_EGO_LANE long_gap=-22.242m lat_offset=-3.242m ego_v=4.992m/s npc_v_actual=0.000m/s npc_v_target=0.000m/s npc_control=(thr=0.000,brake=1.000,steer=0.242) ego_control=(thr=0.000,brake=0.000,steer=-0.000)
CEX_TICK step=130 t=6.500s phase=IN_EGO_LANE long_gap=-22.493m lat_offset=-3.242m ego_v=4.993m/s npc_v_actual=0.000m/s npc_v_target=0.000m/s npc_control=(thr=0.000,brake=1.000,steer=0.242) ego_control=(thr=0.072,brake=0.000,steer=0.000)
CEX_TICK step=131 t=6.550s phase=IN_EGO_LANE long_gap=-22.742m lat_offset=-3.242m ego_v=4.976m/s npc_v_actual=0.000m/s npc_v_target=0.000m/s npc_control=(thr=0.000,brake=1.000,steer=0.242) ego_control=(thr=0.072,brake=0.000,steer=0.000)
CEX_TICK step=132 t=6.600s phase=IN_EGO_LANE long_gap=-22.990m lat_offset=-3.242m ego_v=4.939m/s npc_v_actual=0.000m/s npc_v_target=0.000m/s npc_control=(thr=0.000,brake=1.000,steer=0.242) ego_control=(thr=0.160,brake=0.000,steer=0.000)
CEX_TICK step=133 t=6.650s phase=IN_EGO_LANE long_gap=-23.236m lat_offset=-3.242m ego_v=4.902m/s npc_v_actual=0.000m/s npc_v_target=0.000m/s npc_control=(thr=0.000,brake=1.000,steer=0.242) ego_control=(thr=0.160,brake=0.000,steer=0.000)
CEX_TICK step=134 t=6.700s phase=IN_EGO_LANE long_gap=-23.480m lat_offset=-3.242m ego_v=4.879m/s npc_v_actual=0.000m/s npc_v_target=0.000m/s npc_control=(thr=0.000,brake=1.000,steer=0.242) ego_control=(thr=0.548,brake=0.000,steer=0.000)
CEX_TICK step=135 t=6.750s phase=IN_EGO_LANE long_gap=-23.724m lat_offset=-3.242m ego_v=4.907m/s npc_v_actual=0.000m/s npc_v_target=0.000m/s npc_control=(thr=0.000,brake=1.000,steer=0.242) ego_control=(thr=0.548,brake=0.000,steer=0.000)
CEX_TICK step=136 t=6.800s phase=IN_EGO_LANE long_gap=-23.972m lat_offset=-3.242m ego_v=4.969m/s npc_v_actual=0.000m/s npc_v_target=0.000m/s npc_control=(thr=0.000,brake=1.000,steer=0.242) ego_control=(thr=0.458,brake=0.000,steer=0.000)
CEX_TICK step=137 t=6.850s phase=IN_EGO_LANE long_gap=-24.222m lat_offset=-3.242m ego_v=5.043m/s npc_v_actual=0.000m/s npc_v_target=0.000m/s npc_control=(thr=0.000,brake=1.000,steer=0.242) ego_control=(thr=0.458,brake=0.000,steer=0.000)
CEX_TICK step=138 t=6.900s phase=IN_EGO_LANE long_gap=-24.476m lat_offset=-3.242m ego_v=5.093m/s npc_v_actual=0.000m/s npc_v_target=0.000m/s npc_control=(thr=0.000,brake=1.000,steer=0.242) ego_control=(thr=0.000,brake=0.000,steer=0.000)
CEX_TICK step=139 t=6.950s phase=IN_EGO_LANE long_gap=-24.728m lat_offset=-3.242m ego_v=5.025m/s npc_v_actual=0.000m/s npc_v_target=0.000m/s npc_control=(thr=0.000,brake=1.000,steer=0.242) ego_control=(thr=0.000,brake=0.000,steer=0.000)
CEX_TICK step=140 t=7.000s phase=IN_EGO_LANE long_gap=-24.978m lat_offset=-3.242m ego_v=4.977m/s npc_v_actual=0.000m/s npc_v_target=0.000m/s npc_control=(thr=0.000,brake=1.000,steer=0.242) ego_control=(thr=0.023,brake=0.000,steer=0.000)
CEX_TICK step=141 t=7.050s phase=IN_EGO_LANE long_gap=-25.225m lat_offset=-3.242m ego_v=4.929m/s npc_v_actual=0.000m/s npc_v_target=0.000m/s npc_control=(thr=0.000,brake=1.000,steer=0.242) ego_control=(thr=0.023,brake=0.000,steer=0.000)
CEX_TICK step=142 t=7.100s phase=IN_EGO_LANE long_gap=-25.470m lat_offset=-3.242m ego_v=4.875m/s npc_v_actual=0.000m/s npc_v_target=0.000m/s npc_control=(thr=0.000,brake=1.000,steer=0.242) ego_control=(thr=0.424,brake=0.000,steer=0.000)
CEX_TICK step=143 t=7.150s phase=IN_EGO_LANE long_gap=-25.713m lat_offset=-3.242m ego_v=4.861m/s npc_v_actual=0.000m/s npc_v_target=0.000m/s npc_control=(thr=0.000,brake=1.000,steer=0.242) ego_control=(thr=0.424,brake=0.000,steer=0.000)
CEX_TICK step=144 t=7.200s phase=IN_EGO_LANE long_gap=-25.957m lat_offset=-3.242m ego_v=4.900m/s npc_v_actual=0.000m/s npc_v_target=0.000m/s npc_control=(thr=0.000,brake=1.000,steer=0.242) ego_control=(thr=0.731,brake=0.000,steer=0.000)
CEX_TICK step=145 t=7.250s phase=IN_EGO_LANE long_gap=-26.205m lat_offset=-3.242m ego_v=5.005m/s npc_v_actual=0.000m/s npc_v_target=0.000m/s npc_control=(thr=0.000,brake=1.000,steer=0.242) ego_control=(thr=0.731,brake=0.000,steer=0.000)
CEX_TICK step=146 t=7.300s phase=IN_EGO_LANE long_gap=-26.459m lat_offset=-3.242m ego_v=5.129m/s npc_v_actual=0.000m/s npc_v_target=0.000m/s npc_control=(thr=0.000,brake=1.000,steer=0.242) ego_control=(thr=0.000,brake=0.000,steer=0.000)
CEX_TICK step=147 t=7.350s phase=IN_EGO_LANE long_gap=-26.716m lat_offset=-3.242m ego_v=5.100m/s npc_v_actual=0.000m/s npc_v_target=0.000m/s npc_control=(thr=0.000,brake=1.000,steer=0.242) ego_control=(thr=0.000,brake=0.000,steer=0.000)
CEX_TICK step=148 t=7.400s phase=IN_EGO_LANE long_gap=-26.967m lat_offset=-3.242m ego_v=4.985m/s npc_v_actual=0.000m/s npc_v_target=0.000m/s npc_control=(thr=0.000,brake=1.000,steer=0.242) ego_control=(thr=0.023,brake=0.000,steer=0.000)
CEX_TICK step=149 t=7.450s phase=IN_EGO_LANE long_gap=-27.217m lat_offset=-3.242m ego_v=4.991m/s npc_v_actual=0.000m/s npc_v_target=0.000m/s npc_control=(thr=0.000,brake=1.000,steer=0.242) ego_control=(thr=0.023,brake=0.000,steer=0.000)
CEX_TICK step=150 t=7.500s phase=IN_EGO_LANE long_gap=-27.467m lat_offset=-3.242m ego_v=4.970m/s npc_v_actual=0.000m/s npc_v_target=0.000m/s npc_control=(thr=0.000,brake=1.000,steer=0.242) ego_control=(thr=0.059,brake=0.000,steer=0.000)
CEX_TICK step=151 t=7.550s phase=IN_EGO_LANE long_gap=-27.714m lat_offset=-3.242m ego_v=4.922m/s npc_v_actual=0.000m/s npc_v_target=0.000m/s npc_control=(thr=0.000,brake=1.000,steer=0.242) ego_control=(thr=0.059,brake=0.000,steer=0.000)
CEX_TICK step=152 t=7.600s phase=IN_EGO_LANE long_gap=-27.958m lat_offset=-3.242m ego_v=4.873m/s npc_v_actual=0.000m/s npc_v_target=0.000m/s npc_control=(thr=0.000,brake=1.000,steer=0.242) ego_control=(thr=0.465,brake=0.000,steer=-0.000)
CEX_TICK step=153 t=7.650s phase=IN_EGO_LANE long_gap=-28.202m lat_offset=-3.242m ego_v=4.870m/s npc_v_actual=0.000m/s npc_v_target=0.000m/s npc_control=(thr=0.000,brake=1.000,steer=0.242) ego_control=(thr=0.465,brake=0.000,steer=-0.000)
CEX_TICK step=154 t=7.700s phase=IN_EGO_LANE long_gap=-28.446m lat_offset=-3.242m ego_v=4.921m/s npc_v_actual=0.000m/s npc_v_target=0.000m/s npc_control=(thr=0.000,brake=1.000,steer=0.242) ego_control=(thr=0.677,brake=0.000,steer=0.000)
CEX_TICK step=155 t=7.750s phase=IN_EGO_LANE long_gap=-28.695m lat_offset=-3.242m ego_v=5.028m/s npc_v_actual=0.000m/s npc_v_target=0.000m/s npc_control=(thr=0.000,brake=1.000,steer=0.242) ego_control=(thr=0.677,brake=0.000,steer=0.000)
CEX_TICK step=156 t=7.800s phase=IN_EGO_LANE long_gap=-28.951m lat_offset=-3.242m ego_v=5.152m/s npc_v_actual=0.000m/s npc_v_target=0.000m/s npc_control=(thr=0.000,brake=1.000,steer=0.242) ego_control=(thr=0.000,brake=0.000,steer=0.000)
CEX_TICK step=157 t=7.850s phase=IN_EGO_LANE long_gap=-29.205m lat_offset=-3.242m ego_v=5.043m/s npc_v_actual=0.000m/s npc_v_target=0.000m/s npc_control=(thr=0.000,brake=1.000,steer=0.242) ego_control=(thr=0.000,brake=0.000,steer=0.000)
CEX_TICK step=158 t=7.900s phase=IN_EGO_LANE long_gap=-29.456m lat_offset=-3.242m ego_v=5.004m/s npc_v_actual=0.000m/s npc_v_target=0.000m/s npc_control=(thr=0.000,brake=1.000,steer=0.242) ego_control=(thr=0.023,brake=0.000,steer=0.000)
CEX_TICK step=159 t=7.950s phase=IN_EGO_LANE long_gap=-29.706m lat_offset=-3.242m ego_v=4.996m/s npc_v_actual=0.000m/s npc_v_target=0.000m/s npc_control=(thr=0.000,brake=1.000,steer=0.242) ego_control=(thr=0.023,brake=0.000,steer=0.000)
CEX_TICK step=160 t=8.000s phase=IN_EGO_LANE long_gap=-29.955m lat_offset=-3.242m ego_v=4.963m/s npc_v_actual=0.000m/s npc_v_target=0.000m/s npc_control=(thr=0.000,brake=1.000,steer=0.242) ego_control=(thr=0.049,brake=0.000,steer=0.000)
CEX_EXPERIMENT_FINISHED
ERROR: failed to destroy actor 3621 : unable to destroy actor: not found 
ERROR: failed to destroy actor 3622 : unable to destroy actor: not found 

 ======= Results of Scenario: InterfuserCutInBrakeCEX ---- SUCCESS =======

 > Ego vehicles:
Actor(id=3613, type=vehicle.tesla.model3); 

 > Other actors:
Actor(id=3614, type=vehicle.tesla.model3); 

 > Simulation Information
╒═══════════════════════╤═════════════════════╕
│ Start Time            │ 2026-07-30 21:44:18 │
├───────────────────────┼─────────────────────┤
│ End Time              │ 2026-07-30 21:44:43 │
├───────────────────────┼─────────────────────┤
│ System Time           │ 25.2s               │
├───────────────────────┼─────────────────────┤
│ Game Time             │ 10.05s              │
├───────────────────────┼─────────────────────┤
│ Ratio (Game / System) │ 0.399               │
╘═══════════════════════╧═════════════════════╛

 > Criteria Information
╒════════════════════════╤═════════════════════════╤═════════╤══════════════╤═══════════════╕
│ Actor                  │ Criterion               │ Result  │ Actual Value │ Success Value │
├────────────────────────┼─────────────────────────┼─────────┼──────────────┼───────────────┤
│ tesla.model3 (id=3613) │ EgoCollisionTest (Req.) │ SUCCESS │ 0            │ 0             │
├────────────────────────┼─────────────────────────┼─────────┼──────────────┼───────────────┤
│ tesla.model3 (id=3614) │ NpcCollisionTest (Req.) │ SUCCESS │ 0            │ 0             │
├────────────────────────┼─────────────────────────┼─────────┼──────────────┼───────────────┤
│                        │ Timeout (Req.)          │ SUCCESS │ 10.05        │ 15.0          │
├────────────────────────┼─────────────────────────┼─────────┼──────────────┼───────────────┤
│                        │ GLOBAL RESULT           │ SUCCESS │              │               │
╘════════════════════════╧═════════════════════════╧═════════╧══════════════╧═══════════════╛
 =========================================================================

All scenario tests were passed successfully!
No more scenarios .... Exiting
